// Vitest Snapshot v1, https://vitest.dev/guide/snapshot.html

exports[`ctrls 1`] = `
{
  "b": "{x: -5, y: 45, w: 10, h: 10}",
  "l": "{x: -55, y: -5, w: 10, h: 10}",
  "lb": "{x: -55, y: 45, w: 10, h: 10}",
  "lt": "{x: -55, y: -55, w: 10, h: 10}",
  "r": "{x: 45, y: -5, w: 10, h: 10}",
  "rb": "{x: 45, y: 45, w: 10, h: 10}",
  "rotate": "{x: -7.5, y: -77.5, w: 15, h: 15}",
  "rt": "{x: 45, y: -55, w: 10, h: 10}",
  "t": "{x: -5, y: -55, w: 10, h: 10}",
}
`;
