// Vitest Snapshot v1, https://vitest.dev/guide/snapshot.html

exports[`Rect > ctrls 1`] = `
{
  "b": Rect {
    "angle": 0,
    "h": 16,
    "master": Rect {
      "angle": 0,
      "h": 100,
      "master": null,
      "w": 100,
      "x": 0,
      "y": 0,
    },
    "w": 16,
    "x": -8,
    "y": 42,
  },
  "l": Rect {
    "angle": 0,
    "h": 16,
    "master": Rect {
      "angle": 0,
      "h": 100,
      "master": null,
      "w": 100,
      "x": 0,
      "y": 0,
    },
    "w": 16,
    "x": -58,
    "y": -8,
  },
  "lb": Rect {
    "angle": 0,
    "h": 16,
    "master": Rect {
      "angle": 0,
      "h": 100,
      "master": null,
      "w": 100,
      "x": 0,
      "y": 0,
    },
    "w": 16,
    "x": -58,
    "y": 42,
  },
  "lt": Rect {
    "angle": 0,
    "h": 16,
    "master": Rect {
      "angle": 0,
      "h": 100,
      "master": null,
      "w": 100,
      "x": 0,
      "y": 0,
    },
    "w": 16,
    "x": -58,
    "y": -58,
  },
  "r": Rect {
    "angle": 0,
    "h": 16,
    "master": Rect {
      "angle": 0,
      "h": 100,
      "master": null,
      "w": 100,
      "x": 0,
      "y": 0,
    },
    "w": 16,
    "x": 42,
    "y": -8,
  },
  "rb": Rect {
    "angle": 0,
    "h": 16,
    "master": Rect {
      "angle": 0,
      "h": 100,
      "master": null,
      "w": 100,
      "x": 0,
      "y": 0,
    },
    "w": 16,
    "x": 42,
    "y": 42,
  },
  "rotate": Rect {
    "angle": 0,
    "h": 24,
    "master": Rect {
      "angle": 0,
      "h": 100,
      "master": null,
      "w": 100,
      "x": 0,
      "y": 0,
    },
    "w": 24,
    "x": -12,
    "y": -94,
  },
  "rt": Rect {
    "angle": 0,
    "h": 16,
    "master": Rect {
      "angle": 0,
      "h": 100,
      "master": null,
      "w": 100,
      "x": 0,
      "y": 0,
    },
    "w": 16,
    "x": 42,
    "y": -58,
  },
  "t": Rect {
    "angle": 0,
    "h": 16,
    "master": Rect {
      "angle": 0,
      "h": 100,
      "master": null,
      "w": 100,
      "x": 0,
      "y": 0,
    },
    "w": 16,
    "x": -8,
    "y": -58,
  },
}
`;
